2026-03-16 11:03:48.584 | INFO     | src.pipeline_chunks:process_csv_in_chunks:22 - Iniciando processamento do arquivo: data/raw/arquivo_gigante.csv
2026-03-16 11:07:10.189 | INFO     | src.pipeline_chunks:process_csv_in_chunks:22 - Iniciando processamento do arquivo: data/raw/teste.csv
2026-03-16 11:07:10.190 | INFO     | src.pipeline_chunks:process_csv_in_chunks:29 - Total estimado de chunks: 4
2026-03-16 11:07:10.198 | INFO     | src.pipeline_chunks:process_csv_in_chunks:40 - Chunk 0 salvo em data/processed/chunks_teste/chunk_0.pkl
2026-03-16 11:07:10.199 | INFO     | src.pipeline_chunks:process_csv_in_chunks:40 - Chunk 1 salvo em data/processed/chunks_teste/chunk_1.pkl
2026-03-16 11:07:10.200 | INFO     | src.pipeline_chunks:process_csv_in_chunks:40 - Chunk 2 salvo em data/processed/chunks_teste/chunk_2.pkl
2026-03-16 11:07:10.201 | INFO     | src.pipeline_chunks:process_csv_in_chunks:42 - Processamento concluído com sucesso!
2026-03-16 11:21:29.467 | INFO     | src.pipeline_chunks:process_csv_in_chunks:22 - Iniciando processamento do arquivo: data/raw/teste.csv
2026-03-16 11:21:29.467 | INFO     | src.pipeline_chunks:process_csv_in_chunks:29 - Total estimado de chunks: 4
2026-03-16 11:21:29.474 | INFO     | src.pipeline_chunks:process_csv_in_chunks:40 - Chunk 0 salvo em data/processed/chunks_teste/chunk_0.pkl
2026-03-16 11:21:29.475 | INFO     | src.pipeline_chunks:process_csv_in_chunks:40 - Chunk 1 salvo em data/processed/chunks_teste/chunk_1.pkl
2026-03-16 11:21:29.476 | INFO     | src.pipeline_chunks:process_csv_in_chunks:40 - Chunk 2 salvo em data/processed/chunks_teste/chunk_2.pkl
2026-03-16 11:21:29.476 | INFO     | src.pipeline_chunks:process_csv_in_chunks:42 - Processamento concluído com sucesso!
2026-03-16 11:33:04.816 | INFO     | src.pipeline_chunks:process_csv_in_chunks:23 - Iniciando processamento do arquivo: data/raw/teste.csv
2026-03-16 11:33:04.825 | INFO     | src.pipeline_chunks:process_csv_in_chunks:36 - Chunk 0 salvo em data/processed/chunks_teste/chunk_0.pkl
2026-03-16 11:33:04.827 | INFO     | src.pipeline_chunks:process_csv_in_chunks:36 - Chunk 1 salvo em data/processed/chunks_teste/chunk_1.pkl
2026-03-16 11:33:04.828 | INFO     | src.pipeline_chunks:process_csv_in_chunks:36 - Chunk 2 salvo em data/processed/chunks_teste/chunk_2.pkl
2026-03-16 11:33:04.829 | INFO     | src.pipeline_chunks:process_csv_in_chunks:38 - Processamento concluído com sucesso!
2026-03-16 12:47:22.398 | INFO     | src.recombine_chunks:recombine_pkls:25 - Iniciando recombinação dos chunks em: data/processed/chunks_teste
2026-03-16 12:47:22.398 | INFO     | src.recombine_chunks:recombine_pkls:38 - Total de chunks encontrados: 3
2026-03-16 12:47:22.403 | INFO     | src.recombine_chunks:recombine_pkls:54 - Arquivo final salvo em: data/processed/final.pkl
2026-03-16 12:47:22.403 | INFO     | src.recombine_chunks:recombine_pkls:55 - Recombinação concluída com sucesso!
2026-03-16 12:50:22.037 | INFO     | src.recombine_chunks:recombine_pkls:25 - Iniciando recombinação dos chunks em: data/processed/chunks_teste
2026-03-16 12:50:22.037 | INFO     | src.recombine_chunks:recombine_pkls:38 - Total de chunks encontrados: 3
2026-03-16 12:50:22.043 | INFO     | src.recombine_chunks:recombine_pkls:54 - Arquivo final salvo em: data/processed/final.pkl
2026-03-16 12:50:22.043 | INFO     | src.recombine_chunks:recombine_pkls:55 - Recombinação concluída com sucesso!
2026-03-16 18:29:38.788 | INFO     | src.pipeline_chunks:process_csv_in_chunks:23 - Iniciando processamento do arquivo: data/raw/dados_base.csv
2026-03-16 18:29:40.537 | INFO     | src.pipeline_chunks:process_csv_in_chunks:36 - Chunk 0 salvo em data/processed/chunks_dados_base/chunk_0.pkl
2026-03-16 18:29:42.175 | INFO     | src.pipeline_chunks:process_csv_in_chunks:36 - Chunk 1 salvo em data/processed/chunks_dados_base/chunk_1.pkl
2026-03-16 18:29:43.771 | INFO     | src.pipeline_chunks:process_csv_in_chunks:36 - Chunk 2 salvo em data/processed/chunks_dados_base/chunk_2.pkl
2026-03-16 18:29:45.331 | INFO     | src.pipeline_chunks:process_csv_in_chunks:36 - Chunk 3 salvo em data/processed/chunks_dados_base/chunk_3.pkl
2026-03-16 18:29:46.883 | INFO     | src.pipeline_chunks:process_csv_in_chunks:36 - Chunk 4 salvo em data/processed/chunks_dados_base/chunk_4.pkl
2026-03-16 18:29:48.358 | INFO     | src.pipeline_chunks:process_csv_in_chunks:36 - Chunk 5 salvo em data/processed/chunks_dados_base/chunk_5.pkl
2026-03-16 18:29:49.869 | INFO     | src.pipeline_chunks:process_csv_in_chunks:36 - Chunk 6 salvo em data/processed/chunks_dados_base/chunk_6.pkl
2026-03-16 18:29:51.386 | INFO     | src.pipeline_chunks:process_csv_in_chunks:36 - Chunk 7 salvo em data/processed/chunks_dados_base/chunk_7.pkl
2026-03-16 18:29:52.896 | INFO     | src.pipeline_chunks:process_csv_in_chunks:36 - Chunk 8 salvo em data/processed/chunks_dados_base/chunk_8.pkl
2026-03-16 18:29:54.377 | INFO     | src.pipeline_chunks:process_csv_in_chunks:36 - Chunk 9 salvo em data/processed/chunks_dados_base/chunk_9.pkl
2026-03-16 18:29:55.846 | INFO     | src.pipeline_chunks:process_csv_in_chunks:36 - Chunk 10 salvo em data/processed/chunks_dados_base/chunk_10.pkl
2026-03-16 18:29:57.343 | INFO     | src.pipeline_chunks:process_csv_in_chunks:36 - Chunk 11 salvo em data/processed/chunks_dados_base/chunk_11.pkl
2026-03-16 18:29:58.842 | INFO     | src.pipeline_chunks:process_csv_in_chunks:36 - Chunk 12 salvo em data/processed/chunks_dados_base/chunk_12.pkl
2026-03-16 18:30:00.297 | INFO     | src.pipeline_chunks:process_csv_in_chunks:36 - Chunk 13 salvo em data/processed/chunks_dados_base/chunk_13.pkl
2026-03-16 18:30:01.997 | INFO     | src.pipeline_chunks:process_csv_in_chunks:36 - Chunk 14 salvo em data/processed/chunks_dados_base/chunk_14.pkl
2026-03-16 18:30:03.438 | INFO     | src.pipeline_chunks:process_csv_in_chunks:36 - Chunk 15 salvo em data/processed/chunks_dados_base/chunk_15.pkl
2026-03-16 18:30:04.899 | INFO     | src.pipeline_chunks:process_csv_in_chunks:36 - Chunk 16 salvo em data/processed/chunks_dados_base/chunk_16.pkl
2026-03-16 18:30:06.351 | INFO     | src.pipeline_chunks:process_csv_in_chunks:36 - Chunk 17 salvo em data/processed/chunks_dados_base/chunk_17.pkl
2026-03-16 18:30:07.801 | INFO     | src.pipeline_chunks:process_csv_in_chunks:36 - Chunk 18 salvo em data/processed/chunks_dados_base/chunk_18.pkl
2026-03-16 18:30:09.254 | INFO     | src.pipeline_chunks:process_csv_in_chunks:36 - Chunk 19 salvo em data/processed/chunks_dados_base/chunk_19.pkl
2026-03-16 18:30:10.766 | INFO     | src.pipeline_chunks:process_csv_in_chunks:36 - Chunk 20 salvo em data/processed/chunks_dados_base/chunk_20.pkl
2026-03-16 18:30:12.244 | INFO     | src.pipeline_chunks:process_csv_in_chunks:36 - Chunk 21 salvo em data/processed/chunks_dados_base/chunk_21.pkl
2026-03-16 18:30:14.056 | INFO     | src.pipeline_chunks:process_csv_in_chunks:36 - Chunk 22 salvo em data/processed/chunks_dados_base/chunk_22.pkl
2026-03-16 18:30:15.593 | INFO     | src.pipeline_chunks:process_csv_in_chunks:36 - Chunk 23 salvo em data/processed/chunks_dados_base/chunk_23.pkl
2026-03-16 18:30:17.120 | INFO     | src.pipeline_chunks:process_csv_in_chunks:36 - Chunk 24 salvo em data/processed/chunks_dados_base/chunk_24.pkl
2026-03-16 18:30:18.644 | INFO     | src.pipeline_chunks:process_csv_in_chunks:36 - Chunk 25 salvo em data/processed/chunks_dados_base/chunk_25.pkl
2026-03-16 18:30:20.165 | INFO     | src.pipeline_chunks:process_csv_in_chunks:36 - Chunk 26 salvo em data/processed/chunks_dados_base/chunk_26.pkl
2026-03-16 18:30:21.667 | INFO     | src.pipeline_chunks:process_csv_in_chunks:36 - Chunk 27 salvo em data/processed/chunks_dados_base/chunk_27.pkl
2026-03-16 18:30:23.164 | INFO     | src.pipeline_chunks:process_csv_in_chunks:36 - Chunk 28 salvo em data/processed/chunks_dados_base/chunk_28.pkl
2026-03-16 18:30:24.706 | INFO     | src.pipeline_chunks:process_csv_in_chunks:36 - Chunk 29 salvo em data/processed/chunks_dados_base/chunk_29.pkl
2026-03-16 18:30:26.197 | INFO     | src.pipeline_chunks:process_csv_in_chunks:36 - Chunk 30 salvo em data/processed/chunks_dados_base/chunk_30.pkl
2026-03-16 18:30:27.694 | INFO     | src.pipeline_chunks:process_csv_in_chunks:36 - Chunk 31 salvo em data/processed/chunks_dados_base/chunk_31.pkl
2026-03-16 18:30:29.216 | INFO     | src.pipeline_chunks:process_csv_in_chunks:36 - Chunk 32 salvo em data/processed/chunks_dados_base/chunk_32.pkl
2026-03-16 18:30:30.695 | INFO     | src.pipeline_chunks:process_csv_in_chunks:36 - Chunk 33 salvo em data/processed/chunks_dados_base/chunk_33.pkl
2026-03-16 18:30:32.324 | INFO     | src.pipeline_chunks:process_csv_in_chunks:36 - Chunk 34 salvo em data/processed/chunks_dados_base/chunk_34.pkl
2026-03-16 18:30:33.806 | INFO     | src.pipeline_chunks:process_csv_in_chunks:36 - Chunk 35 salvo em data/processed/chunks_dados_base/chunk_35.pkl
2026-03-16 18:30:35.291 | INFO     | src.pipeline_chunks:process_csv_in_chunks:36 - Chunk 36 salvo em data/processed/chunks_dados_base/chunk_36.pkl
2026-03-16 18:30:36.782 | INFO     | src.pipeline_chunks:process_csv_in_chunks:36 - Chunk 37 salvo em data/processed/chunks_dados_base/chunk_37.pkl
2026-03-16 18:30:38.335 | INFO     | src.pipeline_chunks:process_csv_in_chunks:36 - Chunk 38 salvo em data/processed/chunks_dados_base/chunk_38.pkl
2026-03-16 18:30:39.837 | INFO     | src.pipeline_chunks:process_csv_in_chunks:36 - Chunk 39 salvo em data/processed/chunks_dados_base/chunk_39.pkl
2026-03-16 18:30:41.364 | INFO     | src.pipeline_chunks:process_csv_in_chunks:36 - Chunk 40 salvo em data/processed/chunks_dados_base/chunk_40.pkl
2026-03-16 18:30:42.867 | INFO     | src.pipeline_chunks:process_csv_in_chunks:36 - Chunk 41 salvo em data/processed/chunks_dados_base/chunk_41.pkl
2026-03-16 18:30:44.547 | INFO     | src.pipeline_chunks:process_csv_in_chunks:36 - Chunk 42 salvo em data/processed/chunks_dados_base/chunk_42.pkl
2026-03-16 18:30:46.047 | INFO     | src.pipeline_chunks:process_csv_in_chunks:36 - Chunk 43 salvo em data/processed/chunks_dados_base/chunk_43.pkl
2026-03-16 18:30:47.537 | INFO     | src.pipeline_chunks:process_csv_in_chunks:36 - Chunk 44 salvo em data/processed/chunks_dados_base/chunk_44.pkl
2026-03-16 18:30:49.038 | INFO     | src.pipeline_chunks:process_csv_in_chunks:36 - Chunk 45 salvo em data/processed/chunks_dados_base/chunk_45.pkl
2026-03-16 18:30:50.524 | INFO     | src.pipeline_chunks:process_csv_in_chunks:36 - Chunk 46 salvo em data/processed/chunks_dados_base/chunk_46.pkl
2026-03-16 18:30:52.171 | INFO     | src.pipeline_chunks:process_csv_in_chunks:36 - Chunk 47 salvo em data/processed/chunks_dados_base/chunk_47.pkl
2026-03-16 18:30:53.676 | INFO     | src.pipeline_chunks:process_csv_in_chunks:36 - Chunk 48 salvo em data/processed/chunks_dados_base/chunk_48.pkl
2026-03-16 18:30:55.238 | INFO     | src.pipeline_chunks:process_csv_in_chunks:36 - Chunk 49 salvo em data/processed/chunks_dados_base/chunk_49.pkl
2026-03-16 18:30:56.755 | INFO     | src.pipeline_chunks:process_csv_in_chunks:36 - Chunk 50 salvo em data/processed/chunks_dados_base/chunk_50.pkl
2026-03-16 18:30:58.252 | INFO     | src.pipeline_chunks:process_csv_in_chunks:36 - Chunk 51 salvo em data/processed/chunks_dados_base/chunk_51.pkl
2026-03-16 18:30:59.739 | INFO     | src.pipeline_chunks:process_csv_in_chunks:36 - Chunk 52 salvo em data/processed/chunks_dados_base/chunk_52.pkl
2026-03-16 18:31:01.233 | INFO     | src.pipeline_chunks:process_csv_in_chunks:36 - Chunk 53 salvo em data/processed/chunks_dados_base/chunk_53.pkl
2026-03-16 18:31:02.710 | INFO     | src.pipeline_chunks:process_csv_in_chunks:36 - Chunk 54 salvo em data/processed/chunks_dados_base/chunk_54.pkl
2026-03-16 18:31:04.274 | INFO     | src.pipeline_chunks:process_csv_in_chunks:36 - Chunk 55 salvo em data/processed/chunks_dados_base/chunk_55.pkl
2026-03-16 18:31:05.816 | INFO     | src.pipeline_chunks:process_csv_in_chunks:36 - Chunk 56 salvo em data/processed/chunks_dados_base/chunk_56.pkl
2026-03-16 18:31:07.460 | INFO     | src.pipeline_chunks:process_csv_in_chunks:36 - Chunk 57 salvo em data/processed/chunks_dados_base/chunk_57.pkl
2026-03-16 18:31:09.288 | INFO     | src.pipeline_chunks:process_csv_in_chunks:36 - Chunk 58 salvo em data/processed/chunks_dados_base/chunk_58.pkl
2026-03-16 18:31:10.856 | INFO     | src.pipeline_chunks:process_csv_in_chunks:36 - Chunk 59 salvo em data/processed/chunks_dados_base/chunk_59.pkl
2026-03-16 18:31:12.404 | INFO     | src.pipeline_chunks:process_csv_in_chunks:36 - Chunk 60 salvo em data/processed/chunks_dados_base/chunk_60.pkl
2026-03-16 18:31:13.954 | INFO     | src.pipeline_chunks:process_csv_in_chunks:36 - Chunk 61 salvo em data/processed/chunks_dados_base/chunk_61.pkl
2026-03-16 18:31:15.503 | INFO     | src.pipeline_chunks:process_csv_in_chunks:36 - Chunk 62 salvo em data/processed/chunks_dados_base/chunk_62.pkl
2026-03-16 18:31:17.107 | INFO     | src.pipeline_chunks:process_csv_in_chunks:36 - Chunk 63 salvo em data/processed/chunks_dados_base/chunk_63.pkl
2026-03-16 18:31:18.753 | INFO     | src.pipeline_chunks:process_csv_in_chunks:36 - Chunk 64 salvo em data/processed/chunks_dados_base/chunk_64.pkl
2026-03-16 18:31:20.440 | INFO     | src.pipeline_chunks:process_csv_in_chunks:36 - Chunk 65 salvo em data/processed/chunks_dados_base/chunk_65.pkl
2026-03-16 18:31:22.104 | INFO     | src.pipeline_chunks:process_csv_in_chunks:36 - Chunk 66 salvo em data/processed/chunks_dados_base/chunk_66.pkl
2026-03-16 18:31:23.752 | INFO     | src.pipeline_chunks:process_csv_in_chunks:36 - Chunk 67 salvo em data/processed/chunks_dados_base/chunk_67.pkl
2026-03-16 18:31:25.360 | INFO     | src.pipeline_chunks:process_csv_in_chunks:36 - Chunk 68 salvo em data/processed/chunks_dados_base/chunk_68.pkl
2026-03-16 18:31:27.122 | INFO     | src.pipeline_chunks:process_csv_in_chunks:36 - Chunk 69 salvo em data/processed/chunks_dados_base/chunk_69.pkl
2026-03-16 18:31:28.715 | INFO     | src.pipeline_chunks:process_csv_in_chunks:36 - Chunk 70 salvo em data/processed/chunks_dados_base/chunk_70.pkl
2026-03-16 18:31:30.305 | INFO     | src.pipeline_chunks:process_csv_in_chunks:36 - Chunk 71 salvo em data/processed/chunks_dados_base/chunk_71.pkl
2026-03-16 18:31:31.898 | INFO     | src.pipeline_chunks:process_csv_in_chunks:36 - Chunk 72 salvo em data/processed/chunks_dados_base/chunk_72.pkl
2026-03-16 18:31:33.508 | INFO     | src.pipeline_chunks:process_csv_in_chunks:36 - Chunk 73 salvo em data/processed/chunks_dados_base/chunk_73.pkl
2026-03-16 18:31:35.171 | INFO     | src.pipeline_chunks:process_csv_in_chunks:36 - Chunk 74 salvo em data/processed/chunks_dados_base/chunk_74.pkl
2026-03-16 18:31:36.798 | INFO     | src.pipeline_chunks:process_csv_in_chunks:36 - Chunk 75 salvo em data/processed/chunks_dados_base/chunk_75.pkl
2026-03-16 18:31:38.741 | INFO     | src.pipeline_chunks:process_csv_in_chunks:36 - Chunk 76 salvo em data/processed/chunks_dados_base/chunk_76.pkl
2026-03-16 18:31:40.430 | INFO     | src.pipeline_chunks:process_csv_in_chunks:36 - Chunk 77 salvo em data/processed/chunks_dados_base/chunk_77.pkl
2026-03-16 18:31:42.171 | INFO     | src.pipeline_chunks:process_csv_in_chunks:36 - Chunk 78 salvo em data/processed/chunks_dados_base/chunk_78.pkl
2026-03-16 18:31:43.797 | INFO     | src.pipeline_chunks:process_csv_in_chunks:36 - Chunk 79 salvo em data/processed/chunks_dados_base/chunk_79.pkl
2026-03-16 18:31:45.422 | INFO     | src.pipeline_chunks:process_csv_in_chunks:36 - Chunk 80 salvo em data/processed/chunks_dados_base/chunk_80.pkl
2026-03-16 18:31:47.108 | INFO     | src.pipeline_chunks:process_csv_in_chunks:36 - Chunk 81 salvo em data/processed/chunks_dados_base/chunk_81.pkl
2026-03-16 18:31:48.768 | INFO     | src.pipeline_chunks:process_csv_in_chunks:36 - Chunk 82 salvo em data/processed/chunks_dados_base/chunk_82.pkl
2026-03-16 18:31:50.490 | INFO     | src.pipeline_chunks:process_csv_in_chunks:36 - Chunk 83 salvo em data/processed/chunks_dados_base/chunk_83.pkl
2026-03-16 18:31:52.212 | INFO     | src.pipeline_chunks:process_csv_in_chunks:36 - Chunk 84 salvo em data/processed/chunks_dados_base/chunk_84.pkl
2026-03-16 18:31:53.959 | INFO     | src.pipeline_chunks:process_csv_in_chunks:36 - Chunk 85 salvo em data/processed/chunks_dados_base/chunk_85.pkl
2026-03-16 18:31:55.665 | INFO     | src.pipeline_chunks:process_csv_in_chunks:36 - Chunk 86 salvo em data/processed/chunks_dados_base/chunk_86.pkl
2026-03-16 18:31:57.530 | INFO     | src.pipeline_chunks:process_csv_in_chunks:36 - Chunk 87 salvo em data/processed/chunks_dados_base/chunk_87.pkl
2026-03-16 18:31:59.170 | INFO     | src.pipeline_chunks:process_csv_in_chunks:36 - Chunk 88 salvo em data/processed/chunks_dados_base/chunk_88.pkl
2026-03-16 18:32:00.794 | INFO     | src.pipeline_chunks:process_csv_in_chunks:36 - Chunk 89 salvo em data/processed/chunks_dados_base/chunk_89.pkl
2026-03-16 18:32:02.435 | INFO     | src.pipeline_chunks:process_csv_in_chunks:36 - Chunk 90 salvo em data/processed/chunks_dados_base/chunk_90.pkl
2026-03-16 18:32:03.996 | INFO     | src.pipeline_chunks:process_csv_in_chunks:36 - Chunk 91 salvo em data/processed/chunks_dados_base/chunk_91.pkl
2026-03-16 18:32:05.546 | INFO     | src.pipeline_chunks:process_csv_in_chunks:36 - Chunk 92 salvo em data/processed/chunks_dados_base/chunk_92.pkl
2026-03-16 18:32:07.090 | INFO     | src.pipeline_chunks:process_csv_in_chunks:36 - Chunk 93 salvo em data/processed/chunks_dados_base/chunk_93.pkl
2026-03-16 18:32:08.579 | INFO     | src.pipeline_chunks:process_csv_in_chunks:36 - Chunk 94 salvo em data/processed/chunks_dados_base/chunk_94.pkl
2026-03-16 18:32:10.313 | INFO     | src.pipeline_chunks:process_csv_in_chunks:36 - Chunk 95 salvo em data/processed/chunks_dados_base/chunk_95.pkl
2026-03-16 18:32:11.806 | INFO     | src.pipeline_chunks:process_csv_in_chunks:36 - Chunk 96 salvo em data/processed/chunks_dados_base/chunk_96.pkl
2026-03-16 18:32:13.426 | INFO     | src.pipeline_chunks:process_csv_in_chunks:36 - Chunk 97 salvo em data/processed/chunks_dados_base/chunk_97.pkl
2026-03-16 18:32:15.025 | INFO     | src.pipeline_chunks:process_csv_in_chunks:36 - Chunk 98 salvo em data/processed/chunks_dados_base/chunk_98.pkl
2026-03-16 18:32:16.717 | INFO     | src.pipeline_chunks:process_csv_in_chunks:36 - Chunk 99 salvo em data/processed/chunks_dados_base/chunk_99.pkl
2026-03-16 18:32:18.298 | INFO     | src.pipeline_chunks:process_csv_in_chunks:36 - Chunk 100 salvo em data/processed/chunks_dados_base/chunk_100.pkl
2026-03-16 18:32:19.915 | INFO     | src.pipeline_chunks:process_csv_in_chunks:36 - Chunk 101 salvo em data/processed/chunks_dados_base/chunk_101.pkl
2026-03-16 18:32:21.462 | INFO     | src.pipeline_chunks:process_csv_in_chunks:36 - Chunk 102 salvo em data/processed/chunks_dados_base/chunk_102.pkl
2026-03-16 18:32:23.352 | INFO     | src.pipeline_chunks:process_csv_in_chunks:36 - Chunk 103 salvo em data/processed/chunks_dados_base/chunk_103.pkl
2026-03-16 18:32:24.929 | INFO     | src.pipeline_chunks:process_csv_in_chunks:36 - Chunk 104 salvo em data/processed/chunks_dados_base/chunk_104.pkl
2026-03-16 18:32:26.540 | INFO     | src.pipeline_chunks:process_csv_in_chunks:36 - Chunk 105 salvo em data/processed/chunks_dados_base/chunk_105.pkl
2026-03-16 18:32:28.096 | INFO     | src.pipeline_chunks:process_csv_in_chunks:36 - Chunk 106 salvo em data/processed/chunks_dados_base/chunk_106.pkl
2026-03-16 18:32:29.636 | INFO     | src.pipeline_chunks:process_csv_in_chunks:36 - Chunk 107 salvo em data/processed/chunks_dados_base/chunk_107.pkl
2026-03-16 18:32:31.144 | INFO     | src.pipeline_chunks:process_csv_in_chunks:36 - Chunk 108 salvo em data/processed/chunks_dados_base/chunk_108.pkl
2026-03-16 18:32:32.701 | INFO     | src.pipeline_chunks:process_csv_in_chunks:36 - Chunk 109 salvo em data/processed/chunks_dados_base/chunk_109.pkl
2026-03-16 18:32:34.415 | INFO     | src.pipeline_chunks:process_csv_in_chunks:36 - Chunk 110 salvo em data/processed/chunks_dados_base/chunk_110.pkl
2026-03-16 18:32:36.061 | INFO     | src.pipeline_chunks:process_csv_in_chunks:36 - Chunk 111 salvo em data/processed/chunks_dados_base/chunk_111.pkl
2026-03-16 18:32:37.798 | INFO     | src.pipeline_chunks:process_csv_in_chunks:36 - Chunk 112 salvo em data/processed/chunks_dados_base/chunk_112.pkl
2026-03-16 18:32:39.423 | INFO     | src.pipeline_chunks:process_csv_in_chunks:36 - Chunk 113 salvo em data/processed/chunks_dados_base/chunk_113.pkl
2026-03-16 18:32:41.189 | INFO     | src.pipeline_chunks:process_csv_in_chunks:36 - Chunk 114 salvo em data/processed/chunks_dados_base/chunk_114.pkl
2026-03-16 18:32:42.869 | INFO     | src.pipeline_chunks:process_csv_in_chunks:36 - Chunk 115 salvo em data/processed/chunks_dados_base/chunk_115.pkl
2026-03-16 18:32:44.585 | INFO     | src.pipeline_chunks:process_csv_in_chunks:36 - Chunk 116 salvo em data/processed/chunks_dados_base/chunk_116.pkl
2026-03-16 18:32:46.226 | INFO     | src.pipeline_chunks:process_csv_in_chunks:36 - Chunk 117 salvo em data/processed/chunks_dados_base/chunk_117.pkl
2026-03-16 18:32:47.895 | INFO     | src.pipeline_chunks:process_csv_in_chunks:36 - Chunk 118 salvo em data/processed/chunks_dados_base/chunk_118.pkl
2026-03-16 18:32:49.548 | INFO     | src.pipeline_chunks:process_csv_in_chunks:36 - Chunk 119 salvo em data/processed/chunks_dados_base/chunk_119.pkl
2026-03-16 18:32:51.293 | INFO     | src.pipeline_chunks:process_csv_in_chunks:36 - Chunk 120 salvo em data/processed/chunks_dados_base/chunk_120.pkl
2026-03-16 18:32:54.062 | INFO     | src.pipeline_chunks:process_csv_in_chunks:36 - Chunk 121 salvo em data/processed/chunks_dados_base/chunk_121.pkl
2026-03-16 18:32:55.681 | INFO     | src.pipeline_chunks:process_csv_in_chunks:36 - Chunk 122 salvo em data/processed/chunks_dados_base/chunk_122.pkl
2026-03-16 18:32:57.415 | INFO     | src.pipeline_chunks:process_csv_in_chunks:36 - Chunk 123 salvo em data/processed/chunks_dados_base/chunk_123.pkl
2026-03-16 18:32:59.185 | INFO     | src.pipeline_chunks:process_csv_in_chunks:36 - Chunk 124 salvo em data/processed/chunks_dados_base/chunk_124.pkl
2026-03-16 18:33:00.905 | INFO     | src.pipeline_chunks:process_csv_in_chunks:36 - Chunk 125 salvo em data/processed/chunks_dados_base/chunk_125.pkl
2026-03-16 18:33:02.584 | INFO     | src.pipeline_chunks:process_csv_in_chunks:36 - Chunk 126 salvo em data/processed/chunks_dados_base/chunk_126.pkl
2026-03-16 18:33:04.286 | INFO     | src.pipeline_chunks:process_csv_in_chunks:36 - Chunk 127 salvo em data/processed/chunks_dados_base/chunk_127.pkl
2026-03-16 18:33:06.250 | INFO     | src.pipeline_chunks:process_csv_in_chunks:36 - Chunk 128 salvo em data/processed/chunks_dados_base/chunk_128.pkl
2026-03-16 18:33:08.196 | INFO     | src.pipeline_chunks:process_csv_in_chunks:36 - Chunk 129 salvo em data/processed/chunks_dados_base/chunk_129.pkl
2026-03-16 18:33:10.218 | INFO     | src.pipeline_chunks:process_csv_in_chunks:36 - Chunk 130 salvo em data/processed/chunks_dados_base/chunk_130.pkl
2026-03-16 18:33:13.837 | INFO     | src.pipeline_chunks:process_csv_in_chunks:36 - Chunk 131 salvo em data/processed/chunks_dados_base/chunk_131.pkl
2026-03-16 18:33:15.489 | INFO     | src.pipeline_chunks:process_csv_in_chunks:36 - Chunk 132 salvo em data/processed/chunks_dados_base/chunk_132.pkl
2026-03-16 18:33:17.061 | INFO     | src.pipeline_chunks:process_csv_in_chunks:36 - Chunk 133 salvo em data/processed/chunks_dados_base/chunk_133.pkl
2026-03-16 18:33:18.589 | INFO     | src.pipeline_chunks:process_csv_in_chunks:36 - Chunk 134 salvo em data/processed/chunks_dados_base/chunk_134.pkl
2026-03-16 18:33:20.094 | INFO     | src.pipeline_chunks:process_csv_in_chunks:36 - Chunk 135 salvo em data/processed/chunks_dados_base/chunk_135.pkl
2026-03-16 18:33:21.583 | INFO     | src.pipeline_chunks:process_csv_in_chunks:36 - Chunk 136 salvo em data/processed/chunks_dados_base/chunk_136.pkl
2026-03-16 18:33:23.465 | INFO     | src.pipeline_chunks:process_csv_in_chunks:36 - Chunk 137 salvo em data/processed/chunks_dados_base/chunk_137.pkl
2026-03-16 18:33:27.592 | INFO     | src.pipeline_chunks:process_csv_in_chunks:36 - Chunk 138 salvo em data/processed/chunks_dados_base/chunk_138.pkl
2026-03-16 18:33:29.093 | INFO     | src.pipeline_chunks:process_csv_in_chunks:36 - Chunk 139 salvo em data/processed/chunks_dados_base/chunk_139.pkl
2026-03-16 18:33:30.584 | INFO     | src.pipeline_chunks:process_csv_in_chunks:36 - Chunk 140 salvo em data/processed/chunks_dados_base/chunk_140.pkl
2026-03-16 18:33:32.132 | INFO     | src.pipeline_chunks:process_csv_in_chunks:36 - Chunk 141 salvo em data/processed/chunks_dados_base/chunk_141.pkl
2026-03-16 18:33:33.749 | INFO     | src.pipeline_chunks:process_csv_in_chunks:36 - Chunk 142 salvo em data/processed/chunks_dados_base/chunk_142.pkl
2026-03-16 18:33:35.356 | INFO     | src.pipeline_chunks:process_csv_in_chunks:36 - Chunk 143 salvo em data/processed/chunks_dados_base/chunk_143.pkl
2026-03-16 18:33:36.967 | INFO     | src.pipeline_chunks:process_csv_in_chunks:36 - Chunk 144 salvo em data/processed/chunks_dados_base/chunk_144.pkl
2026-03-16 18:33:38.580 | INFO     | src.pipeline_chunks:process_csv_in_chunks:36 - Chunk 145 salvo em data/processed/chunks_dados_base/chunk_145.pkl
2026-03-16 18:33:40.499 | INFO     | src.pipeline_chunks:process_csv_in_chunks:36 - Chunk 146 salvo em data/processed/chunks_dados_base/chunk_146.pkl
2026-03-16 18:33:42.441 | INFO     | src.pipeline_chunks:process_csv_in_chunks:36 - Chunk 147 salvo em data/processed/chunks_dados_base/chunk_147.pkl
2026-03-16 18:33:44.306 | INFO     | src.pipeline_chunks:process_csv_in_chunks:36 - Chunk 148 salvo em data/processed/chunks_dados_base/chunk_148.pkl
2026-03-16 18:33:47.805 | INFO     | src.pipeline_chunks:process_csv_in_chunks:36 - Chunk 149 salvo em data/processed/chunks_dados_base/chunk_149.pkl
2026-03-16 18:33:49.361 | INFO     | src.pipeline_chunks:process_csv_in_chunks:36 - Chunk 150 salvo em data/processed/chunks_dados_base/chunk_150.pkl
2026-03-16 18:33:50.887 | INFO     | src.pipeline_chunks:process_csv_in_chunks:36 - Chunk 151 salvo em data/processed/chunks_dados_base/chunk_151.pkl
2026-03-16 18:33:52.433 | INFO     | src.pipeline_chunks:process_csv_in_chunks:36 - Chunk 152 salvo em data/processed/chunks_dados_base/chunk_152.pkl
2026-03-16 18:33:53.930 | INFO     | src.pipeline_chunks:process_csv_in_chunks:36 - Chunk 153 salvo em data/processed/chunks_dados_base/chunk_153.pkl
2026-03-16 18:33:55.413 | INFO     | src.pipeline_chunks:process_csv_in_chunks:36 - Chunk 154 salvo em data/processed/chunks_dados_base/chunk_154.pkl
2026-03-16 18:33:57.193 | INFO     | src.pipeline_chunks:process_csv_in_chunks:36 - Chunk 155 salvo em data/processed/chunks_dados_base/chunk_155.pkl
2026-03-16 18:33:58.966 | INFO     | src.pipeline_chunks:process_csv_in_chunks:36 - Chunk 156 salvo em data/processed/chunks_dados_base/chunk_156.pkl
2026-03-16 18:34:02.787 | INFO     | src.pipeline_chunks:process_csv_in_chunks:36 - Chunk 157 salvo em data/processed/chunks_dados_base/chunk_157.pkl
2026-03-16 18:34:04.277 | INFO     | src.pipeline_chunks:process_csv_in_chunks:36 - Chunk 158 salvo em data/processed/chunks_dados_base/chunk_158.pkl
2026-03-16 18:34:05.792 | INFO     | src.pipeline_chunks:process_csv_in_chunks:36 - Chunk 159 salvo em data/processed/chunks_dados_base/chunk_159.pkl
2026-03-16 18:34:07.295 | INFO     | src.pipeline_chunks:process_csv_in_chunks:36 - Chunk 160 salvo em data/processed/chunks_dados_base/chunk_160.pkl
2026-03-16 18:34:08.834 | INFO     | src.pipeline_chunks:process_csv_in_chunks:36 - Chunk 161 salvo em data/processed/chunks_dados_base/chunk_161.pkl
2026-03-16 18:34:10.372 | INFO     | src.pipeline_chunks:process_csv_in_chunks:36 - Chunk 162 salvo em data/processed/chunks_dados_base/chunk_162.pkl
2026-03-16 18:34:11.921 | INFO     | src.pipeline_chunks:process_csv_in_chunks:36 - Chunk 163 salvo em data/processed/chunks_dados_base/chunk_163.pkl
2026-03-16 18:34:13.804 | INFO     | src.pipeline_chunks:process_csv_in_chunks:36 - Chunk 164 salvo em data/processed/chunks_dados_base/chunk_164.pkl
2026-03-16 18:34:18.024 | INFO     | src.pipeline_chunks:process_csv_in_chunks:36 - Chunk 165 salvo em data/processed/chunks_dados_base/chunk_165.pkl
2026-03-16 18:34:19.681 | INFO     | src.pipeline_chunks:process_csv_in_chunks:36 - Chunk 166 salvo em data/processed/chunks_dados_base/chunk_166.pkl
2026-03-16 18:34:21.401 | INFO     | src.pipeline_chunks:process_csv_in_chunks:36 - Chunk 167 salvo em data/processed/chunks_dados_base/chunk_167.pkl
2026-03-16 18:34:22.979 | INFO     | src.pipeline_chunks:process_csv_in_chunks:36 - Chunk 168 salvo em data/processed/chunks_dados_base/chunk_168.pkl
2026-03-16 18:34:24.440 | INFO     | src.pipeline_chunks:process_csv_in_chunks:36 - Chunk 169 salvo em data/processed/chunks_dados_base/chunk_169.pkl
2026-03-16 18:34:25.908 | INFO     | src.pipeline_chunks:process_csv_in_chunks:36 - Chunk 170 salvo em data/processed/chunks_dados_base/chunk_170.pkl
2026-03-16 18:34:27.370 | INFO     | src.pipeline_chunks:process_csv_in_chunks:36 - Chunk 171 salvo em data/processed/chunks_dados_base/chunk_171.pkl
2026-03-16 18:34:28.890 | INFO     | src.pipeline_chunks:process_csv_in_chunks:36 - Chunk 172 salvo em data/processed/chunks_dados_base/chunk_172.pkl
2026-03-16 18:34:30.739 | INFO     | src.pipeline_chunks:process_csv_in_chunks:36 - Chunk 173 salvo em data/processed/chunks_dados_base/chunk_173.pkl
2026-03-16 18:34:32.610 | INFO     | src.pipeline_chunks:process_csv_in_chunks:36 - Chunk 174 salvo em data/processed/chunks_dados_base/chunk_174.pkl
2026-03-16 18:34:34.473 | INFO     | src.pipeline_chunks:process_csv_in_chunks:36 - Chunk 175 salvo em data/processed/chunks_dados_base/chunk_175.pkl
2026-03-16 18:34:37.960 | INFO     | src.pipeline_chunks:process_csv_in_chunks:36 - Chunk 176 salvo em data/processed/chunks_dados_base/chunk_176.pkl
2026-03-16 18:34:39.497 | INFO     | src.pipeline_chunks:process_csv_in_chunks:36 - Chunk 177 salvo em data/processed/chunks_dados_base/chunk_177.pkl
2026-03-16 18:34:40.995 | INFO     | src.pipeline_chunks:process_csv_in_chunks:36 - Chunk 178 salvo em data/processed/chunks_dados_base/chunk_178.pkl
2026-03-16 18:34:42.040 | INFO     | src.pipeline_chunks:process_csv_in_chunks:36 - Chunk 179 salvo em data/processed/chunks_dados_base/chunk_179.pkl
2026-03-16 18:34:42.040 | INFO     | src.pipeline_chunks:process_csv_in_chunks:38 - Processamento concluído com sucesso!
2026-03-16 18:59:57.531 | INFO     | src.recombine_in_blocks:recombine_in_blocks:23 - Iniciando recombinação em blocos de 20 chunks
2026-03-16 18:59:57.532 | INFO     | src.recombine_in_blocks:recombine_in_blocks:24 - Lendo chunks de: data/processed/chunks_dados_base
2026-03-16 18:59:57.532 | INFO     | src.recombine_in_blocks:recombine_in_blocks:33 - Total de chunks encontrados: 180
2026-03-16 18:59:57.532 | INFO     | src.recombine_in_blocks:recombine_in_blocks:40 - Processando bloco 0 (20 chunks)
2026-03-16 19:00:09.600 | INFO     | src.recombine_in_blocks:recombine_in_blocks:52 - Bloco 0 salvo em: data/processed/blocos/parte_0.pkl
2026-03-16 19:00:09.602 | INFO     | src.recombine_in_blocks:recombine_in_blocks:40 - Processando bloco 1 (20 chunks)
2026-03-16 19:00:19.557 | INFO     | src.recombine_in_blocks:recombine_in_blocks:52 - Bloco 1 salvo em: data/processed/blocos/parte_1.pkl
2026-03-16 19:00:19.557 | INFO     | src.recombine_in_blocks:recombine_in_blocks:40 - Processando bloco 2 (20 chunks)
2026-03-16 19:00:29.368 | INFO     | src.recombine_in_blocks:recombine_in_blocks:52 - Bloco 2 salvo em: data/processed/blocos/parte_2.pkl
2026-03-16 19:00:29.368 | INFO     | src.recombine_in_blocks:recombine_in_blocks:40 - Processando bloco 3 (20 chunks)
2026-03-16 19:00:39.142 | INFO     | src.recombine_in_blocks:recombine_in_blocks:52 - Bloco 3 salvo em: data/processed/blocos/parte_3.pkl
2026-03-16 19:00:39.143 | INFO     | src.recombine_in_blocks:recombine_in_blocks:40 - Processando bloco 4 (20 chunks)
2026-03-16 19:00:48.023 | INFO     | src.recombine_in_blocks:recombine_in_blocks:52 - Bloco 4 salvo em: data/processed/blocos/parte_4.pkl
2026-03-16 19:00:48.023 | INFO     | src.recombine_in_blocks:recombine_in_blocks:40 - Processando bloco 5 (20 chunks)
2026-03-16 19:00:58.183 | INFO     | src.recombine_in_blocks:recombine_in_blocks:52 - Bloco 5 salvo em: data/processed/blocos/parte_5.pkl
2026-03-16 19:00:58.194 | INFO     | src.recombine_in_blocks:recombine_in_blocks:40 - Processando bloco 6 (20 chunks)
2026-03-16 19:01:12.245 | INFO     | src.recombine_in_blocks:recombine_in_blocks:52 - Bloco 6 salvo em: data/processed/blocos/parte_6.pkl
2026-03-16 19:01:12.249 | INFO     | src.recombine_in_blocks:recombine_in_blocks:40 - Processando bloco 7 (20 chunks)
2026-03-16 19:01:28.101 | INFO     | src.recombine_in_blocks:recombine_in_blocks:52 - Bloco 7 salvo em: data/processed/blocos/parte_7.pkl
2026-03-16 19:01:28.101 | INFO     | src.recombine_in_blocks:recombine_in_blocks:40 - Processando bloco 8 (20 chunks)
2026-03-16 19:01:44.310 | INFO     | src.recombine_in_blocks:recombine_in_blocks:52 - Bloco 8 salvo em: data/processed/blocos/parte_8.pkl
2026-03-16 19:01:44.322 | INFO     | src.recombine_in_blocks:recombine_in_blocks:56 - Recombinação em blocos concluída com sucesso!
2026-03-16 19:08:52.618 | INFO     | __main__:recombine_final:8 - Lendo blocos de: data/processed/blocos
2026-03-16 19:08:52.619 | INFO     | __main__:recombine_final:16 - Total de blocos encontrados: 9
2026-03-16 19:08:52.619 | INFO     | __main__:recombine_final:20 - Lendo bloco: data/processed/blocos/parte_0.pkl
2026-03-16 19:08:58.932 | INFO     | __main__:recombine_final:20 - Lendo bloco: data/processed/blocos/parte_1.pkl
2026-03-16 19:09:05.270 | INFO     | __main__:recombine_final:20 - Lendo bloco: data/processed/blocos/parte_2.pkl
2026-03-16 19:09:11.307 | INFO     | __main__:recombine_final:20 - Lendo bloco: data/processed/blocos/parte_3.pkl
2026-03-16 19:09:17.676 | INFO     | __main__:recombine_final:20 - Lendo bloco: data/processed/blocos/parte_4.pkl
2026-03-16 19:09:25.180 | INFO     | __main__:recombine_final:20 - Lendo bloco: data/processed/blocos/parte_5.pkl
2026-03-17 08:03:32.589 | INFO     | __main__:recombine_final_stream:8 - Iniciando recombinação final em streaming
2026-03-17 08:03:32.590 | INFO     | __main__:recombine_final_stream:9 - Lendo blocos de: data/processed/blocos
2026-03-17 08:03:32.590 | INFO     | __main__:recombine_final_stream:17 - Total de blocos encontrados: 9
2026-03-17 08:03:32.590 | INFO     | __main__:recombine_final_stream:22 - Lendo bloco: data/processed/blocos/parte_0.pkl
2026-03-17 08:04:44.069 | INFO     | __main__:recombine_final_stream:8 - Iniciando recombinação final em streaming
2026-03-17 08:04:44.070 | INFO     | __main__:recombine_final_stream:9 - Lendo blocos de: data/processed/blocos
2026-03-17 08:04:44.070 | INFO     | __main__:recombine_final_stream:17 - Total de blocos encontrados: 9
2026-03-17 08:04:44.070 | INFO     | __main__:recombine_final_stream:22 - Lendo bloco: data/processed/blocos/parte_0.pkl
2026-03-17 08:04:58.213 | INFO     | __main__:recombine_final_stream:28 - Primeiro bloco escrito em: data/processed/dados_base_final.parquet
2026-03-17 08:04:58.214 | INFO     | __main__:recombine_final_stream:22 - Lendo bloco: data/processed/blocos/parte_1.pkl
2026-03-17 08:11:42.644 | INFO     | __main__:recombine_final_stream:10 - Iniciando recombinação final em streaming
2026-03-17 08:11:42.644 | INFO     | __main__:recombine_final_stream:11 - Lendo blocos de: data/processed/blocos
2026-03-17 08:11:42.644 | INFO     | __main__:recombine_final_stream:19 - Total de blocos encontrados: 9
2026-03-17 08:11:42.644 | INFO     | __main__:recombine_final_stream:24 - Lendo bloco: data/processed/blocos/parte_0.pkl
2026-03-17 08:11:48.579 | INFO     | __main__:recombine_final_stream:33 - Arquivo Parquet criado: data/processed/dados_base_final.parquet
2026-03-17 08:11:55.407 | INFO     | __main__:recombine_final_stream:37 - Bloco escrito com sucesso
2026-03-17 08:11:55.408 | INFO     | __main__:recombine_final_stream:24 - Lendo bloco: data/processed/blocos/parte_1.pkl
2026-03-17 08:12:03.960 | INFO     | __main__:recombine_final_stream:37 - Bloco escrito com sucesso
2026-03-17 08:12:03.960 | INFO     | __main__:recombine_final_stream:24 - Lendo bloco: data/processed/blocos/parte_2.pkl
2026-03-17 08:12:17.054 | INFO     | __main__:recombine_final_stream:37 - Bloco escrito com sucesso
2026-03-17 08:12:17.054 | INFO     | __main__:recombine_final_stream:24 - Lendo bloco: data/processed/blocos/parte_3.pkl
2026-03-17 08:12:30.476 | INFO     | __main__:recombine_final_stream:37 - Bloco escrito com sucesso
2026-03-17 08:12:30.478 | INFO     | __main__:recombine_final_stream:24 - Lendo bloco: data/processed/blocos/parte_4.pkl
2026-03-17 08:12:43.753 | INFO     | __main__:recombine_final_stream:37 - Bloco escrito com sucesso
2026-03-17 08:12:43.754 | INFO     | __main__:recombine_final_stream:24 - Lendo bloco: data/processed/blocos/parte_5.pkl
2026-03-17 08:12:57.720 | INFO     | __main__:recombine_final_stream:37 - Bloco escrito com sucesso
2026-03-17 08:12:57.721 | INFO     | __main__:recombine_final_stream:24 - Lendo bloco: data/processed/blocos/parte_6.pkl
2026-03-17 08:13:12.251 | INFO     | __main__:recombine_final_stream:37 - Bloco escrito com sucesso
2026-03-17 08:13:12.251 | INFO     | __main__:recombine_final_stream:24 - Lendo bloco: data/processed/blocos/parte_7.pkl
2026-03-17 08:13:26.273 | INFO     | __main__:recombine_final_stream:37 - Bloco escrito com sucesso
2026-03-17 08:13:26.273 | INFO     | __main__:recombine_final_stream:24 - Lendo bloco: data/processed/blocos/parte_8.pkl
2026-03-17 08:13:41.045 | INFO     | __main__:recombine_final_stream:37 - Bloco escrito com sucesso
2026-03-17 08:13:41.049 | INFO     | __main__:recombine_final_stream:42 - Recombinação final concluída com sucesso!
2026-03-17 08:13:41.050 | INFO     | __main__:recombine_final_stream:43 - Arquivo final salvo em: data/processed/dados_base_final.parquet
2026-03-18 13:53:19.378 | INFO     | src.pipeline_chunks:process_csv_in_chunks:23 - Iniciando processamento do arquivo: data/raw/dados_base.csv
2026-03-18 13:53:22.770 | INFO     | src.pipeline_chunks:process_csv_in_chunks:36 - Chunk 0 salvo em data/processed/chunks_dados_base/chunk_0.pkl
2026-03-18 13:53:26.020 | INFO     | src.pipeline_chunks:process_csv_in_chunks:36 - Chunk 1 salvo em data/processed/chunks_dados_base/chunk_1.pkl
2026-03-18 13:53:29.060 | INFO     | src.pipeline_chunks:process_csv_in_chunks:36 - Chunk 2 salvo em data/processed/chunks_dados_base/chunk_2.pkl
2026-03-18 13:53:32.134 | INFO     | src.pipeline_chunks:process_csv_in_chunks:36 - Chunk 3 salvo em data/processed/chunks_dados_base/chunk_3.pkl
2026-03-18 13:53:35.156 | INFO     | src.pipeline_chunks:process_csv_in_chunks:36 - Chunk 4 salvo em data/processed/chunks_dados_base/chunk_4.pkl
2026-03-18 13:53:38.258 | INFO     | src.pipeline_chunks:process_csv_in_chunks:36 - Chunk 5 salvo em data/processed/chunks_dados_base/chunk_5.pkl
2026-03-18 13:53:41.420 | INFO     | src.pipeline_chunks:process_csv_in_chunks:36 - Chunk 6 salvo em data/processed/chunks_dados_base/chunk_6.pkl
2026-03-18 13:53:44.952 | INFO     | src.pipeline_chunks:process_csv_in_chunks:36 - Chunk 7 salvo em data/processed/chunks_dados_base/chunk_7.pkl
2026-03-18 13:53:48.166 | INFO     | src.pipeline_chunks:process_csv_in_chunks:36 - Chunk 8 salvo em data/processed/chunks_dados_base/chunk_8.pkl
2026-03-18 13:53:51.316 | INFO     | src.pipeline_chunks:process_csv_in_chunks:36 - Chunk 9 salvo em data/processed/chunks_dados_base/chunk_9.pkl
2026-03-18 13:53:54.554 | INFO     | src.pipeline_chunks:process_csv_in_chunks:36 - Chunk 10 salvo em data/processed/chunks_dados_base/chunk_10.pkl
2026-03-18 13:53:58.086 | INFO     | src.pipeline_chunks:process_csv_in_chunks:36 - Chunk 11 salvo em data/processed/chunks_dados_base/chunk_11.pkl
2026-03-18 13:54:01.207 | INFO     | src.pipeline_chunks:process_csv_in_chunks:36 - Chunk 12 salvo em data/processed/chunks_dados_base/chunk_12.pkl
2026-03-18 13:54:04.281 | INFO     | src.pipeline_chunks:process_csv_in_chunks:36 - Chunk 13 salvo em data/processed/chunks_dados_base/chunk_13.pkl
2026-03-18 13:54:07.272 | INFO     | src.pipeline_chunks:process_csv_in_chunks:36 - Chunk 14 salvo em data/processed/chunks_dados_base/chunk_14.pkl
2026-03-18 13:54:10.534 | INFO     | src.pipeline_chunks:process_csv_in_chunks:36 - Chunk 15 salvo em data/processed/chunks_dados_base/chunk_15.pkl
2026-03-18 13:54:13.493 | INFO     | src.pipeline_chunks:process_csv_in_chunks:36 - Chunk 16 salvo em data/processed/chunks_dados_base/chunk_16.pkl
2026-03-18 13:54:16.615 | INFO     | src.pipeline_chunks:process_csv_in_chunks:36 - Chunk 17 salvo em data/processed/chunks_dados_base/chunk_17.pkl
2026-03-18 13:54:20.026 | INFO     | src.pipeline_chunks:process_csv_in_chunks:36 - Chunk 18 salvo em data/processed/chunks_dados_base/chunk_18.pkl
2026-03-18 13:54:23.620 | INFO     | src.pipeline_chunks:process_csv_in_chunks:36 - Chunk 19 salvo em data/processed/chunks_dados_base/chunk_19.pkl
2026-03-18 13:54:26.860 | INFO     | src.pipeline_chunks:process_csv_in_chunks:36 - Chunk 20 salvo em data/processed/chunks_dados_base/chunk_20.pkl
2026-03-18 13:54:30.428 | INFO     | src.pipeline_chunks:process_csv_in_chunks:36 - Chunk 21 salvo em data/processed/chunks_dados_base/chunk_21.pkl
2026-03-18 13:54:33.892 | INFO     | src.pipeline_chunks:process_csv_in_chunks:36 - Chunk 22 salvo em data/processed/chunks_dados_base/chunk_22.pkl
2026-03-18 13:54:37.174 | INFO     | src.pipeline_chunks:process_csv_in_chunks:36 - Chunk 23 salvo em data/processed/chunks_dados_base/chunk_23.pkl
2026-03-18 13:54:40.301 | INFO     | src.pipeline_chunks:process_csv_in_chunks:36 - Chunk 24 salvo em data/processed/chunks_dados_base/chunk_24.pkl
2026-03-18 13:54:43.317 | INFO     | src.pipeline_chunks:process_csv_in_chunks:36 - Chunk 25 salvo em data/processed/chunks_dados_base/chunk_25.pkl
2026-03-18 13:54:46.581 | INFO     | src.pipeline_chunks:process_csv_in_chunks:36 - Chunk 26 salvo em data/processed/chunks_dados_base/chunk_26.pkl
2026-03-18 13:54:50.213 | INFO     | src.pipeline_chunks:process_csv_in_chunks:36 - Chunk 27 salvo em data/processed/chunks_dados_base/chunk_27.pkl
2026-03-18 13:54:53.684 | INFO     | src.pipeline_chunks:process_csv_in_chunks:36 - Chunk 28 salvo em data/processed/chunks_dados_base/chunk_28.pkl
2026-03-18 13:54:56.954 | INFO     | src.pipeline_chunks:process_csv_in_chunks:36 - Chunk 29 salvo em data/processed/chunks_dados_base/chunk_29.pkl
2026-03-18 13:55:00.279 | INFO     | src.pipeline_chunks:process_csv_in_chunks:36 - Chunk 30 salvo em data/processed/chunks_dados_base/chunk_30.pkl
2026-03-18 13:55:03.657 | INFO     | src.pipeline_chunks:process_csv_in_chunks:36 - Chunk 31 salvo em data/processed/chunks_dados_base/chunk_31.pkl
2026-03-18 13:55:06.764 | INFO     | src.pipeline_chunks:process_csv_in_chunks:36 - Chunk 32 salvo em data/processed/chunks_dados_base/chunk_32.pkl
2026-03-18 13:55:09.794 | INFO     | src.pipeline_chunks:process_csv_in_chunks:36 - Chunk 33 salvo em data/processed/chunks_dados_base/chunk_33.pkl
2026-03-18 13:55:12.911 | INFO     | src.pipeline_chunks:process_csv_in_chunks:36 - Chunk 34 salvo em data/processed/chunks_dados_base/chunk_34.pkl
2026-03-18 13:55:16.227 | INFO     | src.pipeline_chunks:process_csv_in_chunks:36 - Chunk 35 salvo em data/processed/chunks_dados_base/chunk_35.pkl
2026-03-18 13:55:19.317 | INFO     | src.pipeline_chunks:process_csv_in_chunks:36 - Chunk 36 salvo em data/processed/chunks_dados_base/chunk_36.pkl
2026-03-18 13:55:22.436 | INFO     | src.pipeline_chunks:process_csv_in_chunks:36 - Chunk 37 salvo em data/processed/chunks_dados_base/chunk_37.pkl
2026-03-18 13:55:25.625 | INFO     | src.pipeline_chunks:process_csv_in_chunks:36 - Chunk 38 salvo em data/processed/chunks_dados_base/chunk_38.pkl
2026-03-18 13:55:29.062 | INFO     | src.pipeline_chunks:process_csv_in_chunks:36 - Chunk 39 salvo em data/processed/chunks_dados_base/chunk_39.pkl
2026-03-18 13:55:32.164 | INFO     | src.pipeline_chunks:process_csv_in_chunks:36 - Chunk 40 salvo em data/processed/chunks_dados_base/chunk_40.pkl
2026-03-18 13:55:35.361 | INFO     | src.pipeline_chunks:process_csv_in_chunks:36 - Chunk 41 salvo em data/processed/chunks_dados_base/chunk_41.pkl
2026-03-18 13:55:38.644 | INFO     | src.pipeline_chunks:process_csv_in_chunks:36 - Chunk 42 salvo em data/processed/chunks_dados_base/chunk_42.pkl
2026-03-18 13:55:42.089 | INFO     | src.pipeline_chunks:process_csv_in_chunks:36 - Chunk 43 salvo em data/processed/chunks_dados_base/chunk_43.pkl
2026-03-18 13:55:45.321 | INFO     | src.pipeline_chunks:process_csv_in_chunks:36 - Chunk 44 salvo em data/processed/chunks_dados_base/chunk_44.pkl
2026-03-18 13:55:48.500 | INFO     | src.pipeline_chunks:process_csv_in_chunks:36 - Chunk 45 salvo em data/processed/chunks_dados_base/chunk_45.pkl
2026-03-18 13:55:51.693 | INFO     | src.pipeline_chunks:process_csv_in_chunks:36 - Chunk 46 salvo em data/processed/chunks_dados_base/chunk_46.pkl
2026-03-18 13:55:54.972 | INFO     | src.pipeline_chunks:process_csv_in_chunks:36 - Chunk 47 salvo em data/processed/chunks_dados_base/chunk_47.pkl
2026-03-18 13:55:57.993 | INFO     | src.pipeline_chunks:process_csv_in_chunks:36 - Chunk 48 salvo em data/processed/chunks_dados_base/chunk_48.pkl
2026-03-18 13:56:01.090 | INFO     | src.pipeline_chunks:process_csv_in_chunks:36 - Chunk 49 salvo em data/processed/chunks_dados_base/chunk_49.pkl
2026-03-18 13:56:04.288 | INFO     | src.pipeline_chunks:process_csv_in_chunks:36 - Chunk 50 salvo em data/processed/chunks_dados_base/chunk_50.pkl
2026-03-18 13:56:07.663 | INFO     | src.pipeline_chunks:process_csv_in_chunks:36 - Chunk 51 salvo em data/processed/chunks_dados_base/chunk_51.pkl
2026-03-18 13:56:11.113 | INFO     | src.pipeline_chunks:process_csv_in_chunks:36 - Chunk 52 salvo em data/processed/chunks_dados_base/chunk_52.pkl
2026-03-18 13:56:14.337 | INFO     | src.pipeline_chunks:process_csv_in_chunks:36 - Chunk 53 salvo em data/processed/chunks_dados_base/chunk_53.pkl
2026-03-18 13:56:17.669 | INFO     | src.pipeline_chunks:process_csv_in_chunks:36 - Chunk 54 salvo em data/processed/chunks_dados_base/chunk_54.pkl
2026-03-18 13:56:21.198 | INFO     | src.pipeline_chunks:process_csv_in_chunks:36 - Chunk 55 salvo em data/processed/chunks_dados_base/chunk_55.pkl
2026-03-18 13:56:24.490 | INFO     | src.pipeline_chunks:process_csv_in_chunks:36 - Chunk 56 salvo em data/processed/chunks_dados_base/chunk_56.pkl
2026-03-18 13:56:27.724 | INFO     | src.pipeline_chunks:process_csv_in_chunks:36 - Chunk 57 salvo em data/processed/chunks_dados_base/chunk_57.pkl
2026-03-18 13:56:31.098 | INFO     | src.pipeline_chunks:process_csv_in_chunks:36 - Chunk 58 salvo em data/processed/chunks_dados_base/chunk_58.pkl
2026-03-18 13:56:34.773 | INFO     | src.pipeline_chunks:process_csv_in_chunks:36 - Chunk 59 salvo em data/processed/chunks_dados_base/chunk_59.pkl
2026-03-18 13:56:38.640 | INFO     | src.pipeline_chunks:process_csv_in_chunks:36 - Chunk 60 salvo em data/processed/chunks_dados_base/chunk_60.pkl
2026-03-18 13:56:42.162 | INFO     | src.pipeline_chunks:process_csv_in_chunks:36 - Chunk 61 salvo em data/processed/chunks_dados_base/chunk_61.pkl
2026-03-18 13:56:46.016 | INFO     | src.pipeline_chunks:process_csv_in_chunks:36 - Chunk 62 salvo em data/processed/chunks_dados_base/chunk_62.pkl
2026-03-18 13:56:49.640 | INFO     | src.pipeline_chunks:process_csv_in_chunks:36 - Chunk 63 salvo em data/processed/chunks_dados_base/chunk_63.pkl
2026-03-18 13:56:52.950 | INFO     | src.pipeline_chunks:process_csv_in_chunks:36 - Chunk 64 salvo em data/processed/chunks_dados_base/chunk_64.pkl
2026-03-18 13:56:56.192 | INFO     | src.pipeline_chunks:process_csv_in_chunks:36 - Chunk 65 salvo em data/processed/chunks_dados_base/chunk_65.pkl
2026-03-18 13:56:59.837 | INFO     | src.pipeline_chunks:process_csv_in_chunks:36 - Chunk 66 salvo em data/processed/chunks_dados_base/chunk_66.pkl
2026-03-18 13:57:03.571 | INFO     | src.pipeline_chunks:process_csv_in_chunks:36 - Chunk 67 salvo em data/processed/chunks_dados_base/chunk_67.pkl
2026-03-18 13:57:07.986 | INFO     | src.pipeline_chunks:process_csv_in_chunks:36 - Chunk 68 salvo em data/processed/chunks_dados_base/chunk_68.pkl
2026-03-18 13:57:11.088 | INFO     | src.pipeline_chunks:process_csv_in_chunks:36 - Chunk 69 salvo em data/processed/chunks_dados_base/chunk_69.pkl
2026-03-18 13:57:14.807 | INFO     | src.pipeline_chunks:process_csv_in_chunks:36 - Chunk 70 salvo em data/processed/chunks_dados_base/chunk_70.pkl
2026-03-18 13:57:18.525 | INFO     | src.pipeline_chunks:process_csv_in_chunks:36 - Chunk 71 salvo em data/processed/chunks_dados_base/chunk_71.pkl
2026-03-18 13:57:22.893 | INFO     | src.pipeline_chunks:process_csv_in_chunks:36 - Chunk 72 salvo em data/processed/chunks_dados_base/chunk_72.pkl
2026-03-18 13:57:25.943 | INFO     | src.pipeline_chunks:process_csv_in_chunks:36 - Chunk 73 salvo em data/processed/chunks_dados_base/chunk_73.pkl
2026-03-18 13:57:29.579 | INFO     | src.pipeline_chunks:process_csv_in_chunks:36 - Chunk 74 salvo em data/processed/chunks_dados_base/chunk_74.pkl
2026-03-18 13:57:33.428 | INFO     | src.pipeline_chunks:process_csv_in_chunks:36 - Chunk 75 salvo em data/processed/chunks_dados_base/chunk_75.pkl
2026-03-18 13:57:38.044 | INFO     | src.pipeline_chunks:process_csv_in_chunks:36 - Chunk 76 salvo em data/processed/chunks_dados_base/chunk_76.pkl
2026-03-18 13:57:41.139 | INFO     | src.pipeline_chunks:process_csv_in_chunks:36 - Chunk 77 salvo em data/processed/chunks_dados_base/chunk_77.pkl
2026-03-18 13:57:44.671 | INFO     | src.pipeline_chunks:process_csv_in_chunks:36 - Chunk 78 salvo em data/processed/chunks_dados_base/chunk_78.pkl
2026-03-18 13:57:48.131 | INFO     | src.pipeline_chunks:process_csv_in_chunks:36 - Chunk 79 salvo em data/processed/chunks_dados_base/chunk_79.pkl
2026-03-18 13:57:52.933 | INFO     | src.pipeline_chunks:process_csv_in_chunks:36 - Chunk 80 salvo em data/processed/chunks_dados_base/chunk_80.pkl
2026-03-18 13:57:56.045 | INFO     | src.pipeline_chunks:process_csv_in_chunks:36 - Chunk 81 salvo em data/processed/chunks_dados_base/chunk_81.pkl
2026-03-18 13:57:59.623 | INFO     | src.pipeline_chunks:process_csv_in_chunks:36 - Chunk 82 salvo em data/processed/chunks_dados_base/chunk_82.pkl
2026-03-18 13:58:03.792 | INFO     | src.pipeline_chunks:process_csv_in_chunks:36 - Chunk 83 salvo em data/processed/chunks_dados_base/chunk_83.pkl
2026-03-18 13:58:08.134 | INFO     | src.pipeline_chunks:process_csv_in_chunks:36 - Chunk 84 salvo em data/processed/chunks_dados_base/chunk_84.pkl
2026-03-18 13:58:10.934 | INFO     | src.pipeline_chunks:process_csv_in_chunks:36 - Chunk 85 salvo em data/processed/chunks_dados_base/chunk_85.pkl
2026-03-18 13:58:13.760 | INFO     | src.pipeline_chunks:process_csv_in_chunks:36 - Chunk 86 salvo em data/processed/chunks_dados_base/chunk_86.pkl
2026-03-18 13:58:16.601 | INFO     | src.pipeline_chunks:process_csv_in_chunks:36 - Chunk 87 salvo em data/processed/chunks_dados_base/chunk_87.pkl
2026-03-18 13:58:19.502 | INFO     | src.pipeline_chunks:process_csv_in_chunks:36 - Chunk 88 salvo em data/processed/chunks_dados_base/chunk_88.pkl
2026-03-18 13:58:21.916 | INFO     | src.pipeline_chunks:process_csv_in_chunks:36 - Chunk 89 salvo em data/processed/chunks_dados_base/chunk_89.pkl
2026-03-18 13:58:21.917 | INFO     | src.pipeline_chunks:process_csv_in_chunks:38 - Processamento concluído com sucesso!
